app/(orders)/purchase/subscription/actions.ts(68,14): error TS18046: 'sub._id' is of type 'unknown'.
app/(orders)/purchase/subscription/actions.ts(104,7): error TS2322: Type '{ _id: string; name: string; description: string | undefined; category: "massages" | "facial_treatments"; pricingType: "fixed" | "duration_based"; fixedPrice: number | undefined; durations: { ...; }[] | undefined; isActive: boolean; createdAt: string; updatedAt: string; }[]' is not assignable to type 'SerializedTreatment[]'.
  Type '{ _id: string; name: string; description: string | undefined; category: "massages" | "facial_treatments"; pricingType: "fixed" | "duration_based"; fixedPrice: number | undefined; durations: { ...; }[] | undefined; isActive: boolean; createdAt: string; updatedAt: string; }' is not assignable to type 'SerializedTreatment'.
    Types of property 'description' are incompatible.
      Type 'string | undefined' is not assignable to type 'string'.
        Type 'undefined' is not assignable to type 'string'.
app/(orders)/purchase/subscription/simplified-subscription-wizard.tsx(152,48): error TS2367: This comparison appears to be unintentional because the types 'ObjectId' and 'string' have no overlap.
app/(orders)/purchase/subscription/simplified-subscription-wizard.tsx(195,9): error TS2353: Object literal may only specify known properties, and 'firstName' does not exist in type '{ name: string; email: string; phone: string; password?: string | undefined; language?: string | undefined; }'.
app/(orders)/purchase/subscription/simplified-subscription-wizard.tsx(371,17): error TS2322: Type 'unknown' is not assignable to type 'Key | null | undefined'.
app/(orders)/purchase/subscription/simplified-subscription-wizard.tsx(377,58): error TS2345: Argument of type 'unknown' is not assignable to parameter of type 'SetStateAction<string>'.
app/(orders)/purchase/subscription/simplified-subscription-wizard.tsx(441,19): error TS2322: Type 'unknown' is not assignable to type 'Key | null | undefined'.
app/(orders)/purchase/subscription/simplified-subscription-wizard.tsx(448,44): error TS2345: Argument of type 'unknown' is not assignable to parameter of type 'SetStateAction<string>'.
app/(orders)/purchase/subscription/simplified-subscription-wizard.tsx(477,21): error TS2322: Type 'ObjectId' is not assignable to type 'Key | null | undefined'.
app/(orders)/purchase/subscription/simplified-subscription-wizard.tsx(479,23): error TS2367: This comparison appears to be unintentional because the types 'string' and 'ObjectId' have no overlap.
app/(orders)/purchase/subscription/simplified-subscription-wizard.tsx(483,58): error TS2345: Argument of type 'ObjectId' is not assignable to parameter of type 'SetStateAction<string>'.
app/(orders)/purchase/subscription/simplified-subscription-wizard.tsx(554,18): error TS18048: 'selectedSubscription.bonusQuantity' is possibly 'undefined'.
app/(orders)/purchase/subscription/simplified-subscription-wizard.tsx(557,29): error TS18048: 'selectedSubscription' is possibly 'undefined'.
app/api/admin/bookings/potential/route.ts(87,33): error TS2339: Property 'toString' does not exist on type 'never'.
app/api/admin/professionals/available/route.ts(4,10): error TS2614: Module '"@/lib/db/mongodb"' has no exported member 'dbConnect'. Did you mean to use 'import dbConnect from "@/lib/db/mongodb"' instead?
app/api/admin/professionals/available/route.ts(66,35): error TS2339: Property 'preferredLanguage' does not exist on type 'FlattenMaps<IUser> & Required<{ _id: ObjectId; }> & { __v: number; }'.
app/dashboard/(user)/(roles)/admin/customers/actions.ts(82,12): error TS2367: This comparison appears to be unintentional because the types 'BookingStatus' and '"cancelled_by_user"' have no overlap.
app/dashboard/(user)/(roles)/admin/customers/actions.ts(82,48): error TS2367: This comparison appears to be unintentional because the types 'BookingStatus' and '"cancelled_by_admin"' have no overlap.
app/dashboard/(user)/(roles)/admin/customers/actions.ts(84,49): error TS2367: This comparison appears to be unintentional because the types 'BookingStatus' and '"no_show"' have no overlap.
app/dashboard/(user)/(roles)/admin/customers/actions.ts(93,28): error TS2693: 'IGiftVoucher' only refers to a type, but is being used as a value here.
app/dashboard/(user)/(roles)/admin/customers/actions.ts(97,7): error TS7006: Parameter 'v' implicitly has an 'any' type.
app/dashboard/(user)/(roles)/admin/customers/actions.ts(99,42): error TS7006: Parameter 'v' implicitly has an 'any' type.
app/dashboard/(user)/(roles)/admin/customers/actions.ts(108,15): error TS7006: Parameter 'v' implicitly has an 'any' type.
app/dashboard/(user)/(roles)/admin/customers/actions.ts(109,16): error TS7006: Parameter 'sum' implicitly has an 'any' type.
app/dashboard/(user)/(roles)/admin/customers/actions.ts(109,21): error TS7006: Parameter 'v' implicitly has an 'any' type.
app/dashboard/(user)/(roles)/admin/customers/actions.ts(122,8): error TS7006: Parameter 'a' implicitly has an 'any' type.
app/dashboard/(user)/(roles)/admin/customers/actions.ts(122,11): error TS7006: Parameter 'b' implicitly has an 'any' type.
app/dashboard/(user)/(roles)/admin/customers/actions.ts(139,7): error TS2322: Type 'string | undefined' is not assignable to type 'string'.
  Type 'undefined' is not assignable to type 'string'.
app/dashboard/(user)/(roles)/admin/customers/actions.ts(151,49): error TS7006: Parameter 'v' implicitly has an 'any' type.
app/dashboard/(user)/(roles)/admin/customers/actions.ts(259,53): error TS2345: Argument of type '{ userId?: string | undefined; type?: ("booking" | "subscription" | "gift_voucher")[] | undefined; status?: string[] | undefined; dateFrom?: Date | undefined; dateTo?: Date | undefined; search?: string | undefined; } | undefined' is not assignable to parameter of type 'Partial<PurchaseFilters> | undefined'.
  Type '{ userId?: string | undefined; type?: ("booking" | "subscription" | "gift_voucher")[] | undefined; status?: string[] | undefined; dateFrom?: Date | undefined; dateTo?: Date | undefined; search?: string | undefined; }' is not assignable to type 'Partial<PurchaseFilters>'.
    Types of property 'status' are incompatible.
      Type 'string[] | undefined' is not assignable to type 'TransactionStatus[] | undefined'.
        Type 'string[]' is not assignable to type 'TransactionStatus[]'.
          Type 'string' is not assignable to type 'TransactionStatus'.
app/dashboard/(user)/(roles)/admin/partner-coupon-batches/actions.ts(185,7): error TS2322: Type '{ value: string; label: string | undefined; }[]' is not assignable to type '{ value: string; label: string; }[]'.
  Type '{ value: string; label: string | undefined; }' is not assignable to type '{ value: string; label: string; }'.
    Types of property 'label' are incompatible.
      Type 'string | undefined' is not assignable to type 'string'.
        Type 'undefined' is not assignable to type 'string'.
app/dashboard/(user)/(roles)/admin/partner-coupon-batches/actions.ts(268,58): error TS2304: Cannot find name 'error'.
app/dashboard/(user)/(roles)/admin/partner-coupon-batches/actions.ts(269,37): error TS2552: Cannot find name 'error'. Did you mean '_error'?
app/dashboard/(user)/(roles)/admin/partner-coupon-batches/actions.ts(343,58): error TS2304: Cannot find name 'error'.
app/dashboard/(user)/(roles)/admin/partner-coupon-batches/actions.ts(344,37): error TS2304: Cannot find name 'error'.
app/dashboard/(user)/(roles)/admin/partner-coupon-batches/actions.ts(376,58): error TS2304: Cannot find name 'error'.
app/dashboard/(user)/(roles)/admin/partner-coupon-batches/actions.ts(377,37): error TS2304: Cannot find name 'error'.
app/dashboard/(user)/(roles)/admin/partner-coupon-batches/actions.ts(458,54): error TS2304: Cannot find name 'error'.
app/dashboard/(user)/(roles)/admin/partner-coupon-batches/actions.ts(459,37): error TS2304: Cannot find name 'error'.
app/dashboard/(user)/(roles)/admin/partners/actions.ts(113,18): error TS2352: Conversion of type 'ObjectId' to type 'IUser' may be a mistake because neither type sufficiently overlaps with the other. If this was intentional, convert the expression to 'unknown' first.
  Type 'ObjectId' is missing the following properties from type 'IUser': name, phone, roles, createdAt, and 53 more.
app/dashboard/(user)/(roles)/admin/working-hours/actions.ts(50,71): error TS18047: 'settings' is possibly 'null'.
app/dashboard/(user)/(roles)/admin/working-hours/actions.ts(50,80): error TS2339: Property '_id' does not exist on type '(FlattenMaps<any> & Required<{ _id: unknown; }> & { __v: number; })[] | (FlattenMaps<any> & Required<{ _id: unknown; }> & { __v: number; })'.
  Property '_id' does not exist on type '(FlattenMaps<any> & Required<{ _id: unknown; }> & { __v: number; })[]'.
app/dashboard/(user)/(roles)/admin/working-hours/actions.ts(54,9): error TS18047: 'settings' is possibly 'null'.
app/dashboard/(user)/(roles)/admin/working-hours/actions.ts(54,18): error TS2339: Property 'fixedHours' does not exist on type '(FlattenMaps<any> & Required<{ _id: unknown; }> & { __v: number; })[] | (FlattenMaps<any> & Required<{ _id: unknown; }> & { __v: number; })'.
  Property 'fixedHours' does not exist on type '(FlattenMaps<any> & Required<{ _id: unknown; }> & { __v: number; })[]'.
app/dashboard/(user)/(roles)/admin/working-hours/actions.ts(55,7): error TS18047: 'settings' is possibly 'null'.
app/dashboard/(user)/(roles)/admin/working-hours/actions.ts(55,16): error TS2339: Property 'fixedHours' does not exist on type '(FlattenMaps<any> & Required<{ _id: unknown; }> & { __v: number; })[] | (FlattenMaps<any> & Required<{ _id: unknown; }> & { __v: number; })'.
  Property 'fixedHours' does not exist on type '(FlattenMaps<any> & Required<{ _id: unknown; }> & { __v: number; })[]'.
app/dashboard/(user)/(roles)/admin/working-hours/actions.ts(55,33): error TS7006: Parameter 'a' implicitly has an 'any' type.
app/dashboard/(user)/(roles)/admin/working-hours/actions.ts(55,36): error TS7006: Parameter 'b' implicitly has an 'any' type.
app/dashboard/(user)/(roles)/admin/working-hours/actions.ts(61,12): error TS18047: 'settings' is possibly 'null'.
app/dashboard/(user)/(roles)/admin/working-hours/actions.ts(61,21): error TS2339: Property '_id' does not exist on type '(FlattenMaps<any> & Required<{ _id: unknown; }> & { __v: number; })[] | (FlattenMaps<any> & Required<{ _id: unknown; }> & { __v: number; })'.
  Property '_id' does not exist on type '(FlattenMaps<any> & Required<{ _id: unknown; }> & { __v: number; })[]'.
app/dashboard/(user)/(roles)/admin/working-hours/actions.ts(63,9): error TS18047: 'settings' is possibly 'null'.
app/dashboard/(user)/(roles)/admin/working-hours/actions.ts(63,18): error TS2339: Property 'specialDates' does not exist on type '(FlattenMaps<any> & Required<{ _id: unknown; }> & { __v: number; })[] | (FlattenMaps<any> & Required<{ _id: unknown; }> & { __v: number; })'.
  Property 'specialDates' does not exist on type '(FlattenMaps<any> & Required<{ _id: unknown; }> & { __v: number; })[]'.
app/dashboard/(user)/(roles)/admin/working-hours/actions.ts(63,36): error TS7006: Parameter 'date' implicitly has an 'any' type.
app/dashboard/(user)/(roles)/admin/working-hours/actions.ts(69,9): error TS18047: 'settings' is possibly 'null'.
app/dashboard/(user)/(roles)/admin/working-hours/actions.ts(69,18): error TS2339: Property 'specialDateEvents' does not exist on type '(FlattenMaps<any> & Required<{ _id: unknown; }> & { __v: number; })[] | (FlattenMaps<any> & Required<{ _id: unknown; }> & { __v: number; })'.
  Property 'specialDateEvents' does not exist on type '(FlattenMaps<any> & Required<{ _id: unknown; }> & { __v: number; })[]'.
app/dashboard/(user)/(roles)/admin/working-hours/actions.ts(69,41): error TS7006: Parameter 'event' implicitly has an 'any' type.
app/dashboard/(user)/(roles)/admin/working-hours/actions.ts(72,34): error TS7006: Parameter 'date' implicitly has an 'any' type.
app/dashboard/(user)/(roles)/admin/working-hours/actions.ts(74,18): error TS18047: 'settings' is possibly 'null'.
app/dashboard/(user)/(roles)/admin/working-hours/actions.ts(74,27): error TS2339: Property 'createdAt' does not exist on type '(FlattenMaps<any> & Required<{ _id: unknown; }> & { __v: number; })[] | (FlattenMaps<any> & Required<{ _id: unknown; }> & { __v: number; })'.
  Property 'createdAt' does not exist on type '(FlattenMaps<any> & Required<{ _id: unknown; }> & { __v: number; })[]'.
app/dashboard/(user)/(roles)/admin/working-hours/actions.ts(75,18): error TS18047: 'settings' is possibly 'null'.
app/dashboard/(user)/(roles)/admin/working-hours/actions.ts(75,27): error TS2339: Property 'updatedAt' does not exist on type '(FlattenMaps<any> & Required<{ _id: unknown; }> & { __v: number; })[] | (FlattenMaps<any> & Required<{ _id: unknown; }> & { __v: number; })'.
  Property 'updatedAt' does not exist on type '(FlattenMaps<any> & Required<{ _id: unknown; }> & { __v: number; })[]'.
app/dashboard/(user)/(roles)/member/addresses/page.tsx(8,15): error TS2305: Module '"@/types/core"' has no exported member 'Address'.
app/dashboard/(user)/(roles)/member/addresses/page.tsx(29,65): error TS2554: Expected 1 arguments, but got 2.
app/dashboard/(user)/(roles)/member/addresses/page.tsx(77,57): error TS2554: Expected 1 arguments, but got 2.
app/dashboard/(user)/(roles)/member/addresses/page.tsx(78,56): error TS2554: Expected 1 arguments, but got 2.
app/dashboard/(user)/(roles)/member/addresses/page.tsx(108,26): error TS2322: Type 'unknown' is not assignable to type 'Key | null | undefined'.
app/dashboard/(user)/(roles)/member/addresses/page.tsx(118,45): error TS2554: Expected 1 arguments, but got 2.
app/dashboard/(user)/(roles)/member/book-treatment/page.tsx(27,7): error TS2322: Type '{ name: string | undefined; id: string; roles: string[]; activeRole: string; phone?: string; gender?: "male" | "female" | "other"; dateOfBirth?: Date; treatmentPreferences?: ITreatmentPreferences; notificationPreferences?: INotificationPreferences; email?: string | null; image?: string | null; }' is not assignable to type '{ id: string; name?: string | undefined; email?: string | undefined; phone?: string | undefined; gender?: "male" | "female" | "other" | undefined; dateOfBirth?: Date | undefined; roles?: string[] | undefined; }'.
  Types of property 'email' are incompatible.
    Type 'string | null | undefined' is not assignable to type 'string | undefined'.
      Type 'null' is not assignable to type 'string | undefined'.
app/dashboard/(user)/(roles)/member/gift-vouchers/page.tsx(75,9): error TS2322: Type '{ initialOwnedVouchers: GiftVoucher[]; initialPurchasedVouchers: GiftVoucher[]; userId: string; }' is not assignable to type 'IntrinsicAttributes & MemberGiftVouchersClientProps'.
  Property 'userId' does not exist on type 'IntrinsicAttributes & MemberGiftVouchersClientProps'.
app/dashboard/(user)/(roles)/member/gift-vouchers/purchase/page.tsx(30,33): error TS2322: Type 'SerializedTreatment[]' is not assignable to type 'ITreatment[]'.
  Type 'SerializedTreatment' is missing the following properties from type 'ITreatment': $assertPopulated, $clearModifiedPaths, $clone, $createModifiedPathsSnapshot, and 50 more.
app/dashboard/(user)/(roles)/member/subscriptions/page.tsx(52,33): error TS2551: Property 'subscriptions' does not exist on type '{ success: boolean; error: string; userSubscriptions: never[]; } | { success: boolean; userSubscriptions: any[]; error?: undefined; }'. Did you mean 'userSubscriptions'?
  Property 'subscriptions' does not exist on type '{ success: boolean; error: string; userSubscriptions: never[]; }'.
app/dashboard/(user)/(roles)/member/subscriptions/page.tsx(53,26): error TS2339: Property 'pagination' does not exist on type '{ success: boolean; error: string; userSubscriptions: never[]; } | { success: boolean; userSubscriptions: any[]; error?: undefined; }'.
  Property 'pagination' does not exist on type '{ success: boolean; error: string; userSubscriptions: never[]; }'.
app/dashboard/(user)/(roles)/professional/booking-management/[bookingId]/page.tsx(92,63): error TS2554: Expected 1 arguments, but got 2.
app/dashboard/(user)/(roles)/professional/booking-management/[bookingId]/page.tsx(285,14): error TS2367: This comparison appears to be unintentional because the types 'BookingStatus' and '"pending_professional_assignment"' have no overlap.
app/dashboard/(user)/profile/page.tsx(17,30): error TS2339: Property 'dateOfBirth' does not exist on type '{ _id: string; name: string; email: string | undefined; phone: string; gender: "male" | "female" | "other" | undefined; preferredLanguage: any; createdAt: Date; updatedAt: Date; }'.
app/dashboard/(user)/profile/page.tsx(28,20): error TS2322: Type '{ user: { dateOfBirth: any; createdAt: string; _id: string; name: string; email: string | undefined; phone: string; gender: "male" | "female" | "other" | undefined; preferredLanguage: any; updatedAt: Date; }; }' is not assignable to type 'IntrinsicAttributes & ProfileFormProps'.
  Property 'user' does not exist on type 'IntrinsicAttributes & ProfileFormProps'.
components/auth/role-protected-route.tsx(21,11): error TS2339: Property '_data' does not exist on type '{ update: UpdateSession; data: Session; status: "authenticated"; } | { update: UpdateSession; data: Session; status: "authenticated"; } | { ...; }'.
components/auth/role-protected-route.tsx(21,11): error TS2339: Property '_data' does not exist on type '{ update: UpdateSession; data: Session; status: "authenticated"; } | { update: UpdateSession; data: null; status: "loading"; } | { update: UpdateSession; data: Session; status: "authenticated"; } | { ...; }'.
components/booking/member-redemption-modal.tsx(37,37): error TS2304: Cannot find name 'IUserSubscription'.
components/booking/member-redemption-modal.tsx(49,30): error TS2304: Cannot find name 'IGiftVoucher'.
components/booking/steps/guest-payment-step.tsx(109,5): error TS2353: Object literal may only specify known properties, and 'pendingBookingId' does not exist in type 'UsePaymentModalProps'.
components/booking/steps/guest-treatment-selection-step.tsx(376,36): error TS2339: Property 'redemption' does not exist on type '{ success: boolean; type?: "coupon" | "gift_voucher" | undefined; details?: any; error?: string | undefined; }'.
components/booking/steps/guest-treatment-selection-step.tsx(378,35): error TS2339: Property 'redemption' does not exist on type '{ success: boolean; type?: "coupon" | "gift_voucher" | undefined; details?: any; error?: string | undefined; }'.
components/common/purchase/payment-method-selector.tsx(57,18): error TS18046: 'pm._id' is of type 'unknown'.
components/common/purchase/payment-method-selector.tsx(61,53): error TS18046: 'pm._id' is of type 'unknown'.
components/common/purchase/payment-method-selector.tsx(62,50): error TS18046: 'pm._id' is of type 'unknown'.
components/common/purchase/purchase-filters.tsx(253,67): error TS2322: Type 'Date | Date[] | { from: Date; to?: Date | undefined; } | undefined' is not assignable to type 'Date | undefined'.
  Type 'Date[]' is missing the following properties from type 'Date': toDateString, toTimeString, toLocaleDateString, toLocaleTimeString, and 37 more.
components/common/purchase/purchase-filters.tsx(288,67): error TS2322: Type 'Date | Date[] | { from: Date; to?: Date | undefined; } | undefined' is not assignable to type 'Date | undefined'.
  Type 'Date[]' is missing the following properties from type 'Date': toDateString, toTimeString, toLocaleDateString, toLocaleTimeString, and 37 more.
components/common/purchase/purchase-filters.tsx(289,19): error TS2322: Type '(date: Date) => boolean | undefined' is not assignable to type '(date: Date) => boolean'.
  Type 'boolean | undefined' is not assignable to type 'boolean'.
    Type 'undefined' is not assignable to type 'boolean'.
components/dashboard/admin/bookings/booking-create-page.tsx(204,13): error TS2322: Type '{ formData: BookingFormData; onUpdate: (updates: Partial<BookingFormData>) => void; paymentMethods: any[]; activeCoupons: any[]; activeGiftVouchers: any[]; calculatedPrice: any; onCalculatePrice: Dispatch<...>; onNext: () => void; onPrev: () => void; }' is not assignable to type 'IntrinsicAttributes & BookingCreatePaymentStepProps'.
  Property 'activeCoupons' does not exist on type 'IntrinsicAttributes & BookingCreatePaymentStepProps'.
components/dashboard/admin/bookings/booking-create-page.tsx(216,13): error TS2322: Type '{ formData: BookingFormData; calculatedPrice: any; onConfirm: () => Promise<void>; onPrev: () => void; isLoading: boolean; }' is not assignable to type 'IntrinsicAttributes & BookingCreateConfirmationStepProps'.
  Property 'calculatedPrice' does not exist on type 'IntrinsicAttributes & BookingCreateConfirmationStepProps'.
components/dashboard/admin/bookings/booking-edit-page.tsx(101,9): error TS2306: File 'C:/Users/benja/OneDrive/Desktop/MASU/new240625/Masu-1g/app/dashboard/(user)/(roles)/admin/bookings/actions.ts' is not a module.
components/dashboard/admin/bookings/tabs/booking-review-tab.tsx(87,26): error TS2339: Property 'customerReview' does not exist on type 'PopulatedBooking'.
components/dashboard/admin/bookings/tabs/booking-review-tab.tsx(94,26): error TS2551: Property 'professionalReview' does not exist on type 'PopulatedBooking'. Did you mean 'professionalId'?
components/dashboard/admin/bookings/tabs/booking-review-tab.tsx(101,26): error TS2339: Property 'customerReview' does not exist on type 'PopulatedBooking'.
components/dashboard/admin/bookings/tabs/booking-review-tab.tsx(103,42): error TS2339: Property 'customerReview' does not exist on type 'PopulatedBooking'.
components/dashboard/admin/bookings/tabs/booking-review-tab.tsx(105,33): error TS2339: Property 'customerReview' does not exist on type 'PopulatedBooking'.
components/dashboard/admin/bookings/tabs/booking-review-tab.tsx(118,16): error TS2339: Property 'customerReview' does not exist on type 'PopulatedBooking'.
components/dashboard/admin/bookings/tabs/booking-review-tab.tsx(133,42): error TS2339: Property 'customerReview' does not exist on type 'PopulatedBooking'.
components/dashboard/admin/bookings/tabs/booking-review-tab.tsx(134,70): error TS2339: Property 'customerReview' does not exist on type 'PopulatedBooking'.
components/dashboard/admin/bookings/tabs/booking-review-tab.tsx(137,47): error TS2339: Property 'customerReview' does not exist on type 'PopulatedBooking'.
components/dashboard/admin/bookings/tabs/booking-review-tab.tsx(145,30): error TS2339: Property 'customerReview' does not exist on type 'PopulatedBooking'.
components/dashboard/admin/bookings/tabs/booking-review-tab.tsx(154,42): error TS2339: Property 'customerReview' does not exist on type 'PopulatedBooking'.
components/dashboard/admin/bookings/tabs/booking-review-tab.tsx(158,31): error TS2339: Property 'customerReview' does not exist on type 'PopulatedBooking'.
components/dashboard/admin/bookings/tabs/booking-review-tab.tsx(187,16): error TS2551: Property 'professionalReview' does not exist on type 'PopulatedBooking'. Did you mean 'professionalId'?
components/dashboard/admin/bookings/tabs/booking-review-tab.tsx(202,42): error TS2551: Property 'professionalReview' does not exist on type 'PopulatedBooking'. Did you mean 'professionalId'?
components/dashboard/admin/bookings/tabs/booking-review-tab.tsx(204,32): error TS2551: Property 'professionalReview' does not exist on type 'PopulatedBooking'. Did you mean 'professionalId'?
components/dashboard/admin/bookings/tabs/booking-review-tab.tsx(208,47): error TS2551: Property 'professionalReview' does not exist on type 'PopulatedBooking'. Did you mean 'professionalId'?
components/dashboard/admin/bookings/tabs/booking-review-tab.tsx(216,30): error TS2551: Property 'professionalReview' does not exist on type 'PopulatedBooking'. Did you mean 'professionalId'?
components/dashboard/admin/bookings/tabs/booking-review-tab.tsx(225,28): error TS2551: Property 'professionalReview' does not exist on type 'PopulatedBooking'. Did you mean 'professionalId'?
components/dashboard/admin/bookings/tabs/booking-review-tab.tsx(231,28): error TS2551: Property 'professionalReview' does not exist on type 'PopulatedBooking'. Did you mean 'professionalId'?
components/dashboard/admin/bookings/tabs/booking-review-tab.tsx(237,28): error TS2551: Property 'professionalReview' does not exist on type 'PopulatedBooking'. Did you mean 'professionalId'?
components/dashboard/admin/bookings/tabs/booking-review-tab.tsx(247,42): error TS2551: Property 'professionalReview' does not exist on type 'PopulatedBooking'. Did you mean 'professionalId'?
components/dashboard/admin/bookings/tabs/booking-review-tab.tsx(253,25): error TS18047: 'booking.professionalId' is possibly 'null'.
components/dashboard/admin/bookings/tabs/booking-review-tab.tsx(264,17): error TS2339: Property 'customerReview' does not exist on type 'PopulatedBooking'.
components/dashboard/admin/bookings/tabs/booking-review-tab.tsx(264,44): error TS2551: Property 'professionalReview' does not exist on type 'PopulatedBooking'. Did you mean 'professionalId'?
components/dashboard/admin/bookings/tabs/booking-review-tab.tsx(304,17): error TS2339: Property 'customerReview' does not exist on type 'PopulatedBooking'.
components/dashboard/admin/bookings/tabs/booking-review-tab.tsx(304,43): error TS2551: Property 'professionalReview' does not exist on type 'PopulatedBooking'. Did you mean 'professionalId'?
components/dashboard/admin/bookings/tabs/booking-review-tab.tsx(314,24): error TS2339: Property 'customerReview' does not exist on type 'PopulatedBooking'.
components/dashboard/admin/bookings/tabs/booking-review-tab.tsx(318,30): error TS2339: Property 'endTime' does not exist on type 'PopulatedBooking'.
components/dashboard/admin/bookings/tabs/booking-review-tab.tsx(318,49): error TS2339: Property 'customerReview' does not exist on type 'PopulatedBooking'.
components/dashboard/admin/bookings/tabs/booking-review-tab.tsx(320,45): error TS2339: Property 'customerReview' does not exist on type 'PopulatedBooking'.
components/dashboard/admin/bookings/tabs/booking-review-tab.tsx(321,46): error TS2339: Property 'endTime' does not exist on type 'PopulatedBooking'.
components/dashboard/admin/bookings/tabs/booking-review-tab.tsx(329,24): error TS2551: Property 'professionalReview' does not exist on type 'PopulatedBooking'. Did you mean 'professionalId'?
components/dashboard/admin/bookings/tabs/booking-review-tab.tsx(333,30): error TS2339: Property 'endTime' does not exist on type 'PopulatedBooking'.
components/dashboard/admin/bookings/tabs/booking-review-tab.tsx(333,49): error TS2551: Property 'professionalReview' does not exist on type 'PopulatedBooking'. Did you mean 'professionalId'?
components/dashboard/admin/bookings/tabs/booking-review-tab.tsx(335,45): error TS2551: Property 'professionalReview' does not exist on type 'PopulatedBooking'. Did you mean 'professionalId'?
components/dashboard/admin/bookings/tabs/booking-review-tab.tsx(336,46): error TS2339: Property 'endTime' does not exist on type 'PopulatedBooking'.
components/dashboard/admin/coupons/coupon-form.tsx(92,5): error TS2322: Type 'Resolver<{ code: string; discountType: "percentage" | "fixedAmount"; discountValue: number; validFrom: Date; validUntil: Date; description?: string | undefined; isActive?: boolean | undefined; usageLimit?: number | undefined; usageLimitPerUser?: number | undefined; assignedPartnerId?: string | ... 1 more ... | undef...' is not assignable to type 'Resolver<{ isActive: boolean; code: string; discountType: "percentage" | "fixedAmount"; discountValue: number; validFrom: Date; validUntil: Date; usageLimit: number; usageLimitPerUser: number; description?: string | undefined; assignedPartnerId?: string | ... 1 more ... | undefined; notesForPartner?: string | undefi...'.
  Types of parameters 'options' and 'options' are incompatible.
    Type 'ResolverOptions<{ isActive: boolean; code: string; discountType: "percentage" | "fixedAmount"; discountValue: number; validFrom: Date; validUntil: Date; usageLimit: number; usageLimitPerUser: number; description?: string | undefined; assignedPartnerId?: string | ... 1 more ... | undefined; notesForPartner?: string |...' is not assignable to type 'ResolverOptions<{ code: string; discountType: "percentage" | "fixedAmount"; discountValue: number; validFrom: Date; validUntil: Date; description?: string | undefined; isActive?: boolean | undefined; usageLimit?: number | undefined; usageLimitPerUser?: number | undefined; assignedPartnerId?: string | ... 1 more ... ...'.
      Type 'boolean | undefined' is not assignable to type 'boolean'.
        Type 'undefined' is not assignable to type 'boolean'.
components/dashboard/admin/coupons/coupon-form.tsx(101,20): error TS2345: Argument of type 'TFieldValues' is not assignable to parameter of type '{ isActive: boolean; code: string; discountType: "percentage" | "fixedAmount"; discountValue: number; validFrom: Date; validUntil: Date; usageLimit: number; usageLimitPerUser: number; description?: string | undefined; assignedPartnerId?: string | ... 1 more ... | undefined; notesForPartner?: string | undefined; }'.
  Type 'FieldValues' is missing the following properties from type '{ isActive: boolean; code: string; discountType: "percentage" | "fixedAmount"; discountValue: number; validFrom: Date; validUntil: Date; usageLimit: number; usageLimitPerUser: number; description?: string | undefined; assignedPartnerId?: string | ... 1 more ... | undefined; notesForPartner?: string | undefined; }': isActive, code, discountType, discountValue, and 4 more.
components/dashboard/admin/coupons/coupons-client.tsx(54,31): error TS2339: Property 'currentPage' does not exist on type '{ success: boolean; coupons?: any[] | undefined; totalPages?: number | undefined; totalCoupons?: number | undefined; error?: string | undefined; }'.
components/dashboard/admin/coupons/coupons-client.tsx(89,45): error TS18046: 'c._id' is of type 'unknown'.
components/dashboard/admin/coupons/coupons-client.tsx(116,42): error TS2552: Cannot find name 'values'. Did you mean '_values'?
components/dashboard/admin/coupons/coupons-client.tsx(116,54): error TS18046: 'editingCoupon._id' is of type 'unknown'.
components/dashboard/admin/coupons/coupons-client.tsx(118,37): error TS2552: Cannot find name 'values'. Did you mean '_values'?
components/dashboard/admin/coupons/coupons-client.tsx(134,15): error TS18046: 'c._id' is of type 'unknown'.
components/dashboard/admin/coupons/coupons-client.tsx(178,9): error TS2741: Property '$TFunctionBrand' is missing in type '(key: string) => string' but required in type 'TFunction<"translation", undefined>'.
components/dashboard/admin/coupons/coupons-client.tsx(191,33): error TS2339: Property 'currentPage' does not exist on type '{ success: boolean; coupons?: any[] | undefined; totalPages?: number | undefined; totalCoupons?: number | undefined; error?: string | undefined; }'.
components/dashboard/admin/coupons/coupons-client.tsx(209,20): error TS18046: 'coupon._id' is of type 'unknown'.
components/dashboard/admin/coupons/coupons-client.tsx(213,15): error TS2741: Property '$TFunctionBrand' is missing in type '(key: string) => string' but required in type 'TFunction<"translation", undefined>'.
components/dashboard/admin/coupons/coupons-client.tsx(219,49): error TS2554: Expected 1 arguments, but got 2.
components/dashboard/admin/coupons/coupons-client.tsx(236,45): error TS2554: Expected 1 arguments, but got 2.
components/dashboard/admin/coupons/coupons-columns.tsx(159,39): error TS18046: 'coupon._id' is of type 'unknown'.
components/dashboard/admin/gift-vouchers/gift-voucher-form.tsx(203,9): error TS2353: Object literal may only specify known properties, and 'code' does not exist in type 'GiftVoucherCreateForm'.
components/dashboard/admin/gift-vouchers/gift-vouchers-client.tsx(140,39): error TS2339: Property 'from' does not exist on type 'Date | { from: Date; to?: Date | undefined; } | Date[]'.
  Property 'from' does not exist on type 'Date'.
components/dashboard/admin/gift-vouchers/gift-vouchers-client.tsx(140,69): error TS2339: Property 'from' does not exist on type 'Date | { from: Date; to?: Date | undefined; } | Date[]'.
  Property 'from' does not exist on type 'Date'.
components/dashboard/admin/gift-vouchers/gift-vouchers-client.tsx(141,37): error TS2339: Property 'to' does not exist on type 'Date | { from: Date; to?: Date | undefined; } | Date[]'.
  Property 'to' does not exist on type 'Date'.
components/dashboard/admin/gift-vouchers/gift-vouchers-client.tsx(141,65): error TS2339: Property 'to' does not exist on type 'Date | { from: Date; to?: Date | undefined; } | Date[]'.
  Property 'to' does not exist on type 'Date'.
components/dashboard/admin/gift-vouchers/gift-vouchers-client.tsx(146,52): error TS2554: Expected 0-1 arguments, but got 4.
components/dashboard/admin/gift-vouchers/gift-vouchers-client.tsx(147,57): error TS2339: Property 'pagination' does not exist on type 'GiftVoucherListResponse'.
components/dashboard/admin/gift-vouchers/gift-vouchers-client.tsx(149,32): error TS2339: Property 'pagination' does not exist on type 'GiftVoucherListResponse'.
components/dashboard/admin/gift-vouchers/gift-vouchers-client.tsx(191,5): error TS2304: Cannot find name 'setPage'.
components/dashboard/admin/gift-vouchers/gift-vouchers-client.tsx(197,35): error TS2339: Property 'from' does not exist on type 'Date | { from: Date; to?: Date | undefined; } | Date[]'.
  Property 'from' does not exist on type 'Date'.
components/dashboard/admin/gift-vouchers/gift-vouchers-client.tsx(197,65): error TS2339: Property 'from' does not exist on type 'Date | { from: Date; to?: Date | undefined; } | Date[]'.
  Property 'from' does not exist on type 'Date'.
components/dashboard/admin/gift-vouchers/gift-vouchers-client.tsx(198,33): error TS2339: Property 'to' does not exist on type 'Date | { from: Date; to?: Date | undefined; } | Date[]'.
  Property 'to' does not exist on type 'Date'.
components/dashboard/admin/gift-vouchers/gift-vouchers-client.tsx(198,61): error TS2339: Property 'to' does not exist on type 'Date | { from: Date; to?: Date | undefined; } | Date[]'.
  Property 'to' does not exist on type 'Date'.
components/dashboard/admin/gift-vouchers/gift-vouchers-client.tsx(436,37): error TS2339: Property 'from' does not exist on type 'Date | { from: Date; to?: Date | undefined; } | Date[]'.
  Property 'from' does not exist on type 'Date'.
components/dashboard/admin/gift-vouchers/gift-vouchers-client.tsx(437,37): error TS2339: Property 'to' does not exist on type 'Date | { from: Date; to?: Date | undefined; } | Date[]'.
  Property 'to' does not exist on type 'Date'.
components/dashboard/admin/gift-vouchers/gift-vouchers-client.tsx(439,49): error TS2339: Property 'from' does not exist on type 'Date | { from: Date; to?: Date | undefined; } | Date[]'.
  Property 'from' does not exist on type 'Date'.
components/dashboard/admin/gift-vouchers/gift-vouchers-client.tsx(440,49): error TS2339: Property 'to' does not exist on type 'Date | { from: Date; to?: Date | undefined; } | Date[]'.
  Property 'to' does not exist on type 'Date'.
components/dashboard/admin/gift-vouchers/gift-vouchers-client.tsx(443,46): error TS2339: Property 'from' does not exist on type 'Date | { from: Date; to?: Date | undefined; } | Date[]'.
  Property 'from' does not exist on type 'Date'.
components/dashboard/admin/gift-vouchers/gift-vouchers-client.tsx(454,50): error TS2339: Property 'from' does not exist on type 'Date | { from: Date; to?: Date | undefined; } | Date[]'.
  Property 'from' does not exist on type 'Date'.
components/dashboard/admin/gift-vouchers/gift-vouchers-client.tsx(457,19): error TS2322: Type '{ initialFocus: true; mode: "range"; defaultMonth: any; selected: Date | { from: Date; to?: Date | undefined; } | Date[] | undefined; onSelect: Dispatch<SetStateAction<Date | { ...; } | Date[] | undefined>>; numberOfMonths: number; }' is not assignable to type 'IntrinsicAttributes & CalendarProps'.
  Property 'numberOfMonths' does not exist on type 'IntrinsicAttributes & CalendarProps'.
components/dashboard/admin/gift-vouchers/gift-vouchers-client.tsx(569,13): error TS2322: Type '{ currentPage: number; totalPages: number; onPageChange: (newPage: number) => void; isLoading: boolean; }' is not assignable to type 'IntrinsicAttributes & ClassAttributes<HTMLElement> & HTMLAttributes<HTMLElement>'.
  Property 'currentPage' does not exist on type 'IntrinsicAttributes & ClassAttributes<HTMLElement> & HTMLAttributes<HTMLElement>'.
components/dashboard/admin/gift-vouchers/gift-vouchers-client.tsx(597,11): error TS2339: Property 'voucherForm' does not exist on type 'JSX.IntrinsicElements'.
components/dashboard/admin/partner-coupon-batches/batch-coupons-modal.tsx(55,44): error TS18046: 'batch._id' is of type 'unknown'.
components/dashboard/admin/partner-coupon-batches/batch-coupons-modal.tsx(96,43): error TS18046: 'c._id' is of type 'unknown'.
components/dashboard/admin/partner-coupon-batches/batch-coupons-modal.tsx(106,18): error TS18046: 'batch._id' is of type 'unknown'.
components/dashboard/admin/partner-coupon-batches/batch-coupons-modal.tsx(114,79): error TS2554: Expected 1 arguments, but got 2.
components/dashboard/admin/partner-coupon-batches/batch-coupons-modal.tsx(115,27): error TS2339: Property 'updatedCount' does not exist on type '{ success: boolean; error: string; details: { couponIds?: string[] | undefined; batchId?: string[] | undefined; updates?: string[] | undefined; }; message?: undefined; } | { success: boolean; message: string; error?: undefined; details?: undefined; } | { ...; }'.
  Property 'updatedCount' does not exist on type '{ success: boolean; error: string; details: { couponIds?: string[] | undefined; batchId?: string[] | undefined; updates?: string[] | undefined; }; message?: undefined; }'.
components/dashboard/admin/partner-coupon-batches/batch-coupons-modal.tsx(151,47): error TS18046: 'row.original._id' is of type 'unknown'.
components/dashboard/admin/partner-coupon-batches/batch-coupons-modal.tsx(152,60): error TS18046: 'row.original._id' is of type 'unknown'.
components/dashboard/admin/partner-coupon-batches/batch-coupons-modal.tsx(181,79): error TS2741: Property '$TFunctionBrand' is missing in type '(key: string) => string' but required in type 'TFunction<"translation", undefined>'.
components/dashboard/admin/partner-coupon-batches/batch-coupons-modal.tsx(249,75): error TS2554: Expected 1 arguments, but got 2.
components/dashboard/admin/partner-coupon-batches/partner-coupon-batch-card.tsx(66,61): error TS2322: Type 'string' is not assignable to type '"rtl" | "ltr"'.
components/dashboard/admin/partner-coupon-batches/partner-coupon-batch-card.tsx(68,23): error TS2322: Type 'string' is not assignable to type 'Direction | undefined'.
components/dashboard/admin/partner-coupon-batches/partner-coupon-batches-client.tsx(172,54): error TS2304: Cannot find name 'values'.
components/dashboard/admin/partner-coupon-batches/partner-coupon-batches-client.tsx(174,49): error TS2304: Cannot find name 'values'.
components/dashboard/admin/partner-coupon-batches/partner-coupon-batches-columns.tsx(182,39): error TS18046: 'batch._id' is of type 'unknown'.
components/dashboard/admin/partner-management/partner-form-dialog.tsx(109,7): error TS2552: Cannot find name 'data'. Did you mean '_data'?
components/dashboard/admin/partner-management/partner-form-dialog.tsx(109,27): error TS2552: Cannot find name 'values'. Did you mean '_values'?
components/dashboard/admin/partner-management/partner-form-dialog.tsx(110,11): error TS2552: Cannot find name 'values'. Did you mean '_values'?
components/dashboard/admin/partner-management/partner-form-dialog.tsx(110,25): error TS2552: Cannot find name 'data'. Did you mean '_data'?
components/dashboard/admin/partner-management/partner-form-dialog.tsx(110,46): error TS2552: Cannot find name 'values'. Did you mean '_values'?
components/dashboard/admin/partner-management/partner-form-dialog.tsx(111,7): error TS2552: Cannot find name 'data'. Did you mean '_data'?
components/dashboard/admin/partner-management/partner-form-dialog.tsx(111,28): error TS2552: Cannot find name 'values'. Did you mean '_values'?
components/dashboard/admin/partner-management/partner-form-dialog.tsx(112,27): error TS2552: Cannot find name 'values'. Did you mean '_values'?
components/dashboard/admin/partner-management/partner-form-dialog.tsx(112,44): error TS2304: Cannot find name 'data'.
components/dashboard/admin/partner-management/partner-form-dialog.tsx(112,68): error TS2304: Cannot find name 'values'.
components/dashboard/admin/partner-management/partner-form-dialog.tsx(113,7): error TS2304: Cannot find name 'data'.
components/dashboard/admin/partner-management/partner-form-dialog.tsx(113,29): error TS2304: Cannot find name 'values'.
components/dashboard/admin/partner-management/partner-form-dialog.tsx(114,7): error TS2304: Cannot find name 'data'.
components/dashboard/admin/partner-management/partner-form-dialog.tsx(114,37): error TS2304: Cannot find name 'values'.
components/dashboard/admin/partner-management/partner-form-dialog.tsx(115,7): error TS2304: Cannot find name 'data'.
components/dashboard/admin/partner-management/partner-form-dialog.tsx(115,34): error TS2304: Cannot find name 'values'.
components/dashboard/admin/partner-management/partner-form-dialog.tsx(118,47): error TS2304: Cannot find name 'data'.
components/dashboard/admin/partner-management/partner-form-dialog.tsx(119,31): error TS2304: Cannot find name 'data'.
components/dashboard/admin/partner-management/partner-management.tsx(25,11): error TS2430: Interface 'Partner' incorrectly extends interface 'IPartnerProfile'.
  Types of property 'userId' are incompatible.
    Type 'IUser' is missing the following properties from type 'ObjectId': _bsontype, toHexString, getTimestamp, inspect
components/dashboard/admin/partner-management/partner-management.tsx(110,7): error TS2322: Type 'string | undefined' is not assignable to type 'string'.
  Type 'undefined' is not assignable to type 'string'.
components/dashboard/admin/partner-management/partner-management.tsx(112,7): error TS2322: Type '"male" | "female" | "other" | undefined' is not assignable to type '"male" | "female"'.
  Type 'undefined' is not assignable to type '"male" | "female"'.
components/dashboard/admin/partner-management/partner-management.tsx(278,9): error TS2322: Type 'PartnerData | undefined' is not assignable to type 'PartnerData | null | undefined'.
  Type 'PartnerData' is not assignable to type 'import("C:/Users/benja/OneDrive/Desktop/MASU/new240625/Masu-1g/components/dashboard/admin/partner-management/partner-form-dialog").PartnerData'.
    Types of property 'id' are incompatible.
      Type 'string | undefined' is not assignable to type 'string'.
        Type 'undefined' is not assignable to type 'string'.
components/dashboard/admin/partner-management/partner-profile-dialog.tsx(21,11): error TS2430: Interface 'PartnerData' incorrectly extends interface 'IPartnerProfile'.
  Types of property 'userId' are incompatible.
    Type 'IUser' is missing the following properties from type 'ObjectId': _bsontype, toHexString, getTimestamp, inspect
components/dashboard/admin/professional-management/professional-edit-modal.tsx(242,19): error TS2322: Type 'Professional' is not assignable to type 'import("C:/Users/benja/OneDrive/Desktop/MASU/new240625/Masu-1g/lib/types/professional").Professional'.
  Types of property 'treatments' are incompatible.
    Type '{ treatmentId: string; treatmentName?: string | undefined; }[]' is not assignable to type '{ treatmentId: string; durationId?: string | undefined; professionalPrice: number; treatmentName?: string | undefined; }[]'.
      Property 'professionalPrice' is missing in type '{ treatmentId: string; treatmentName?: string | undefined; }' but required in type '{ treatmentId: string; durationId?: string | undefined; professionalPrice: number; treatmentName?: string | undefined; }'.
components/dashboard/admin/professional-management/professional-edit-modal.tsx(243,19): error TS2322: Type '(updatedData: Partial<Professional>) => void' is not assignable to type '(professional: Partial<Professional>) => void'.
  Types of parameters 'updatedData' and 'professional' are incompatible.
    Type 'Partial<import("C:/Users/benja/OneDrive/Desktop/MASU/new240625/Masu-1g/lib/types/professional").Professional>' is not assignable to type 'Partial<Professional>'.
      Types of property 'userId' are incompatible.
        Type 'string | IUser | undefined' is not assignable to type 'IUser | undefined'.
          Type 'string' is not assignable to type 'IUser'.
components/dashboard/admin/professional-management/professional-edit-modal.tsx(247,44): error TS2345: Argument of type 'Professional' is not assignable to parameter of type 'SetStateAction<Professional>'.
  Type 'import("C:/Users/benja/OneDrive/Desktop/MASU/new240625/Masu-1g/lib/types/professional").Professional' is not assignable to type 'Professional'.
    Types of property 'userId' are incompatible.
      Type 'string | IUser' is not assignable to type 'IUser'.
        Type 'string' is not assignable to type 'IUser'.
components/dashboard/admin/professional-management/professional-edit-modal.tsx(258,19): error TS2322: Type 'Professional' is not assignable to type 'import("C:/Users/benja/OneDrive/Desktop/MASU/new240625/Masu-1g/lib/types/professional").Professional'.
  Types of property 'treatments' are incompatible.
    Type '{ treatmentId: string; treatmentName?: string | undefined; }[]' is not assignable to type '{ treatmentId: string; durationId?: string | undefined; professionalPrice: number; treatmentName?: string | undefined; }[]'.
      Property 'professionalPrice' is missing in type '{ treatmentId: string; treatmentName?: string | undefined; }' but required in type '{ treatmentId: string; durationId?: string | undefined; professionalPrice: number; treatmentName?: string | undefined; }'.
components/dashboard/admin/professional-management/professional-edit-modal.tsx(259,19): error TS2322: Type '(updatedData: Partial<Professional>) => void' is not assignable to type '(professional: Partial<Professional>) => void'.
  Types of parameters 'updatedData' and 'professional' are incompatible.
    Type 'Partial<import("C:/Users/benja/OneDrive/Desktop/MASU/new240625/Masu-1g/lib/types/professional").Professional>' is not assignable to type 'Partial<Professional>'.
      Types of property 'userId' are incompatible.
        Type 'string | IUser | undefined' is not assignable to type 'IUser | undefined'.
          Type 'string' is not assignable to type 'IUser'.
components/dashboard/admin/professional-management/professional-edit-modal.tsx(269,19): error TS2322: Type 'Professional' is not assignable to type 'import("C:/Users/benja/OneDrive/Desktop/MASU/new240625/Masu-1g/lib/types/professional").Professional'.
  Types of property 'treatments' are incompatible.
    Type '{ treatmentId: string; treatmentName?: string | undefined; }[]' is not assignable to type '{ treatmentId: string; durationId?: string | undefined; professionalPrice: number; treatmentName?: string | undefined; }[]'.
      Property 'professionalPrice' is missing in type '{ treatmentId: string; treatmentName?: string | undefined; }' but required in type '{ treatmentId: string; durationId?: string | undefined; professionalPrice: number; treatmentName?: string | undefined; }'.
components/dashboard/admin/professional-management/professional-edit-modal.tsx(270,19): error TS2322: Type '(updatedData: Partial<Professional>) => void' is not assignable to type '(professional: Partial<Professional>) => void'.
  Types of parameters 'updatedData' and 'professional' are incompatible.
    Type 'Partial<import("C:/Users/benja/OneDrive/Desktop/MASU/new240625/Masu-1g/lib/types/professional").Professional>' is not assignable to type 'Partial<Professional>'.
      Types of property 'userId' are incompatible.
        Type 'string | IUser | undefined' is not assignable to type 'IUser | undefined'.
          Type 'string' is not assignable to type 'IUser'.
components/dashboard/admin/professional-management/professional-edit-modal.tsx(280,19): error TS2322: Type 'Professional' is not assignable to type 'import("C:/Users/benja/OneDrive/Desktop/MASU/new240625/Masu-1g/lib/types/professional").Professional'.
  Types of property 'treatments' are incompatible.
    Type '{ treatmentId: string; treatmentName?: string | undefined; }[]' is not assignable to type '{ treatmentId: string; durationId?: string | undefined; professionalPrice: number; treatmentName?: string | undefined; }[]'.
      Property 'professionalPrice' is missing in type '{ treatmentId: string; treatmentName?: string | undefined; }' but required in type '{ treatmentId: string; durationId?: string | undefined; professionalPrice: number; treatmentName?: string | undefined; }'.
components/dashboard/admin/professional-management/professional-edit-modal.tsx(281,19): error TS2322: Type '(updatedData: Partial<Professional>) => void' is not assignable to type '(professional: Partial<Professional>) => void'.
  Types of parameters 'updatedData' and 'professional' are incompatible.
    Type 'Partial<import("C:/Users/benja/OneDrive/Desktop/MASU/new240625/Masu-1g/lib/types/professional").Professional>' is not assignable to type 'Partial<Professional>'.
      Types of property 'userId' are incompatible.
        Type 'string | IUser | undefined' is not assignable to type 'IUser | undefined'.
          Type 'string' is not assignable to type 'IUser'.
components/dashboard/admin/professional-management/professional-edit-modal.tsx(290,19): error TS2322: Type 'Professional' is not assignable to type 'import("C:/Users/benja/OneDrive/Desktop/MASU/new240625/Masu-1g/lib/types/professional").Professional'.
  Types of property 'treatments' are incompatible.
    Type '{ treatmentId: string; treatmentName?: string | undefined; }[]' is not assignable to type '{ treatmentId: string; durationId?: string | undefined; professionalPrice: number; treatmentName?: string | undefined; }[]'.
      Property 'professionalPrice' is missing in type '{ treatmentId: string; treatmentName?: string | undefined; }' but required in type '{ treatmentId: string; durationId?: string | undefined; professionalPrice: number; treatmentName?: string | undefined; }'.
components/dashboard/admin/professional-management/professional-edit-modal.tsx(291,19): error TS2322: Type '(updatedData: Partial<Professional>) => void' is not assignable to type '(professional: Partial<Professional>) => void'.
  Types of parameters 'updatedData' and 'professional' are incompatible.
    Type 'Partial<import("C:/Users/benja/OneDrive/Desktop/MASU/new240625/Masu-1g/lib/types/professional").Professional>' is not assignable to type 'Partial<Professional>'.
      Types of property 'userId' are incompatible.
        Type 'string | IUser | undefined' is not assignable to type 'IUser | undefined'.
          Type 'string' is not assignable to type 'IUser'.
components/dashboard/admin/professional-management/professional-edit-modal.tsx(300,19): error TS2322: Type 'Professional' is not assignable to type 'import("C:/Users/benja/OneDrive/Desktop/MASU/new240625/Masu-1g/lib/types/professional").Professional'.
  Types of property 'treatments' are incompatible.
    Type '{ treatmentId: string; treatmentName?: string | undefined; }[]' is not assignable to type '{ treatmentId: string; durationId?: string | undefined; professionalPrice: number; treatmentName?: string | undefined; }[]'.
      Property 'professionalPrice' is missing in type '{ treatmentId: string; treatmentName?: string | undefined; }' but required in type '{ treatmentId: string; durationId?: string | undefined; professionalPrice: number; treatmentName?: string | undefined; }'.
components/dashboard/admin/professional-management/professional-edit-modal.tsx(301,19): error TS2322: Type '(updatedData: Partial<Professional>) => void' is not assignable to type '(professional: Partial<Professional>) => void'.
  Types of parameters 'updatedData' and 'professional' are incompatible.
    Type 'Partial<import("C:/Users/benja/OneDrive/Desktop/MASU/new240625/Masu-1g/lib/types/professional").Professional>' is not assignable to type 'Partial<Professional>'.
      Types of property 'userId' are incompatible.
        Type 'string | IUser | undefined' is not assignable to type 'IUser | undefined'.
          Type 'string' is not assignable to type 'IUser'.
components/dashboard/admin/professional-management/professional-edit-modal.tsx(310,19): error TS2322: Type 'Professional' is not assignable to type 'import("C:/Users/benja/OneDrive/Desktop/MASU/new240625/Masu-1g/lib/types/professional").Professional'.
  Types of property 'treatments' are incompatible.
    Type '{ treatmentId: string; treatmentName?: string | undefined; }[]' is not assignable to type '{ treatmentId: string; durationId?: string | undefined; professionalPrice: number; treatmentName?: string | undefined; }[]'.
      Property 'professionalPrice' is missing in type '{ treatmentId: string; treatmentName?: string | undefined; }' but required in type '{ treatmentId: string; durationId?: string | undefined; professionalPrice: number; treatmentName?: string | undefined; }'.
components/dashboard/admin/professional-management/professional-edit-modal.tsx(311,19): error TS2322: Type '(updatedData: Partial<Professional>) => void' is not assignable to type '(professional: Partial<Professional>) => void'.
  Types of parameters 'updatedData' and 'professional' are incompatible.
    Type 'Partial<import("C:/Users/benja/OneDrive/Desktop/MASU/new240625/Masu-1g/lib/types/professional").Professional>' is not assignable to type 'Partial<Professional>'.
      Types of property 'userId' are incompatible.
        Type 'string | IUser | undefined' is not assignable to type 'IUser | undefined'.
          Type 'string' is not assignable to type 'IUser'.
components/dashboard/admin/professional-management/tabs/professional-bookings-tab.tsx(452,21): error TS18047: 'booking.treatmentId' is possibly 'null'.
components/dashboard/admin/professional-management/tabs/professional-bookings-tab.tsx(496,27): error TS18047: 'booking.treatmentId' is possibly 'null'.
components/dashboard/admin/professional-management/tabs/professional-bookings-tab.tsx(497,48): error TS2339: Property 'toString' does not exist on type 'never'.
components/dashboard/admin/professional-management/tabs/professional-bookings-tab.tsx(532,9): error TS18047: 'booking.treatmentId' is possibly 'null'.
components/dashboard/admin/professional-management/tabs/professional-bookings-tab.tsx(533,30): error TS2339: Property 'toString' does not exist on type 'never'.
components/dashboard/admin/professional-management/tabs/professional-bookings-tab.tsx(583,61): error TS18047: 'booking.treatmentId' is possibly 'null'.
components/dashboard/admin/professional-management/tabs/professional-profile-tab.tsx(36,31): error TS2339: Property 'name' does not exist on type 'string | IUser'.
  Property 'name' does not exist on type 'string'.
components/dashboard/admin/professional-management/tabs/professional-profile-tab.tsx(37,32): error TS2339: Property 'email' does not exist on type 'string | IUser'.
  Property 'email' does not exist on type 'string'.
components/dashboard/admin/professional-management/tabs/professional-profile-tab.tsx(38,32): error TS2339: Property 'phone' does not exist on type 'string | IUser'.
  Property 'phone' does not exist on type 'string'.
components/dashboard/admin/professional-management/tabs/professional-profile-tab.tsx(39,33): error TS2339: Property 'gender' does not exist on type 'string | IUser'.
  Property 'gender' does not exist on type 'string'.
components/dashboard/admin/professional-management/tabs/professional-profile-tab.tsx(40,36): error TS2339: Property 'dateOfBirth' does not exist on type 'string | IUser'.
  Property 'dateOfBirth' does not exist on type 'string'.
components/dashboard/admin/professional-management/tabs/professional-profile-tab.tsx(41,38): error TS2339: Property 'dateOfBirth' does not exist on type 'string | IUser'.
  Property 'dateOfBirth' does not exist on type 'string'.
components/dashboard/admin/professional-management/tabs/professional-profile-tab.tsx(107,18): error TS2345: Argument of type 'IProfessionalProfile & { userId: IUser; }' is not assignable to parameter of type 'Partial<Professional>'.
  Types of property '_id' are incompatible.
    Type 'ObjectId' is not assignable to type 'string'.
components/dashboard/admin/professional-management/tabs/professional-treatments-tab-new.tsx(116,31): error TS2304: Cannot find name 'data'.
components/dashboard/admin/professional-management/tabs/professional-treatments-tab-new.tsx(373,20): error TS2322: Type 'ITreatmentPricing[]' is not assignable to type '{ treatmentId: string; durationId?: string | undefined; professionalPrice: number; treatmentName?: string | undefined; }[]'.
  Type 'ITreatmentPricing' is not assignable to type '{ treatmentId: string; durationId?: string | undefined; professionalPrice: number; treatmentName?: string | undefined; }'.
    Types of property 'treatmentId' are incompatible.
      Type 'ObjectId' is not assignable to type 'string'.
components/dashboard/admin/reviews/admin-reviews-client.tsx(193,45): error TS2554: Expected 1 arguments, but got 2.
components/dashboard/admin/reviews/admin-reviews-client.tsx(349,44): error TS2554: Expected 1 arguments, but got 2.
components/dashboard/admin/subscriptions/subscriptions-client.tsx(135,47): error TS2304: Cannot find name 'data'.
components/dashboard/admin/subscriptions/subscriptions-client.tsx(137,27): error TS2322: Type 'ISubscription | undefined' is not assignable to type 'SubscriptionPlain'.
  Type 'undefined' is not assignable to type 'SubscriptionPlain'.
components/dashboard/admin/subscriptions/subscriptions-client.tsx(160,82): error TS2304: Cannot find name 'data'.
components/dashboard/admin/subscriptions/subscriptions-client.tsx(163,11): error TS2345: Argument of type '(ISubscription | SubscriptionPlain | undefined)[]' is not assignable to parameter of type 'SetStateAction<SubscriptionPlain[]>'.
  Type '(ISubscription | SubscriptionPlain | undefined)[]' is not assignable to type 'SubscriptionPlain[]'.
    Type 'ISubscription | SubscriptionPlain | undefined' is not assignable to type 'SubscriptionPlain'.
      Type 'undefined' is not assignable to type 'SubscriptionPlain'.
components/dashboard/admin/subscriptions/subscriptions-client.tsx(287,15): error TS2739: Type '{ id: string; interval: string; features: never[]; _id: string; name: string; description: string; quantity: number; bonusQuantity: number; validityMonths: number; isActive: boolean; createdAt?: string | undefined; updatedAt?: string | undefined; }' is missing the following properties from type 'Subscription': price, treatments
components/dashboard/admin/treatments/treatments-client.tsx(43,7): error TS2322: Type '"success"' is not assignable to type '"default" | "destructive" | null | undefined'.
components/dashboard/admin/treatments/treatments-client.tsx(52,7): error TS2322: Type '"success"' is not assignable to type '"default" | "destructive" | null | undefined'.
components/dashboard/admin/user-subscriptions/admin-user-subscriptions-client.tsx(148,30): error TS2352: Conversion of type '(IUserSubscription & { userId?: { name?: string | undefined; email?: string | undefined; phone?: string | undefined; _id: string; } | null | undefined; subscriptionId: ISubscription; treatmentId: ITreatment; selectedDurationDetails?: { ...; } | undefined; paymentMethodId?: { ...; } | undefined; guestInfo?: { ...; } ...' to type 'PopulatedUserSubscription[]' may be a mistake because neither type sufficiently overlaps with the other. If this was intentional, convert the expression to 'unknown' first.
  Type 'IUserSubscription & { userId?: { name?: string | undefined; email?: string | undefined; phone?: string | undefined; _id: string; } | null | undefined; subscriptionId: ISubscription; treatmentId: ITreatment; selectedDurationDetails?: { ...; } | undefined; paymentMethodId?: { ...; } | undefined; guestInfo?: { ...; } |...' is not comparable to type 'PopulatedUserSubscription'.
    Types of property 'subscriptionId' are incompatible.
      Type 'ObjectId & ISubscription' is missing the following properties from type '{ _id: string; name: string; description?: string | undefined; price: number; duration: number; treatments: string[]; isActive: boolean; }': price, duration, treatments
components/dashboard/admin/user-subscriptions/admin-user-subscriptions-client.tsx(516,23): error TS2719: Type 'PopulatedUserSubscription' is not assignable to type 'PopulatedUserSubscription'. Two different types with this name exist, but they are unrelated.
  Types of property 'treatmentId' are incompatible.
    Type '{ _id: string; name: string; price: number; durations: { _id: string; minutes: number; price: number; }[]; }' is missing the following properties from type 'ObjectId': _bsontype, id, toHexString, toJSON, and 3 more.
components/dashboard/admin/user-subscriptions/admin-user-subscriptions-client.tsx(520,23): error TS2322: Type '(sub: PopulatedUserSubscription) => void' is not assignable to type '(subscription: PopulatedUserSubscription) => void'.
  Types of parameters 'sub' and 'subscription' are incompatible.
    Type 'PopulatedUserSubscription' is not assignable to type 'PopulatedUserSubscription'. Two different types with this name exist, but they are unrelated.
      Types of property 'subscriptionId' are incompatible.
        Type '{ _id: string; name: string; description?: string | undefined; price: number; duration: number; treatments: string[]; isActive: boolean; } | undefined' is not assignable to type '{ _id: string; name: string; description?: string | undefined; price: number; duration: number; treatments: string[]; isActive: boolean; }'.
          Type 'undefined' is not assignable to type '{ _id: string; name: string; description?: string | undefined; price: number; duration: number; treatments: string[]; isActive: boolean; }'.
components/dashboard/admin/user-subscriptions/admin-user-subscriptions-client.tsx(535,64): error TS2339: Property 'totalResults' does not exist on type '{ total: number; page: number; limit: number; totalPages: number; }'.
components/dashboard/admin/user-subscriptions/create-user-subscription-form.tsx(249,39): error TS2339: Property 'minutes' does not exist on type '{ _id: string; name: string; price: number; }'.
components/dashboard/admin/user-subscriptions/user-subscription-row.tsx(32,11): error TS2430: Interface 'PopulatedUserSubscription' incorrectly extends interface 'Omit<IUserSubscription, "userId">'.
  Types of property 'subscriptionId' are incompatible.
    Type '{ _id: string; name: string; description?: string | undefined; price: number; duration: number; treatments: string[]; isActive: boolean; } | undefined' is not assignable to type 'ObjectId'.
      Type 'undefined' is not assignable to type 'ObjectId'.
components/dashboard/admin/user-subscriptions/user-subscription-row.tsx(80,9): error TS2353: Object literal may only specify known properties, and 'title' does not exist in type 'ReactElement<unknown, string | JSXElementConstructor<any>> | Iterable<ReactNode> | ReactPortal | Promise<...> | (() => ReactNode)'.
components/dashboard/admin/user-subscriptions/user-subscription-row.tsx(86,9): error TS2353: Object literal may only specify known properties, and 'title' does not exist in type 'ReactElement<unknown, string | JSXElementConstructor<any>> | Iterable<ReactNode> | ReactPortal | Promise<...> | (() => ReactNode)'.
components/dashboard/admin/user-subscriptions/user-subscription-row.tsx(101,9): error TS2353: Object literal may only specify known properties, and 'title' does not exist in type 'ReactElement<unknown, string | JSXElementConstructor<any>> | Iterable<ReactNode> | ReactPortal | Promise<...> | (() => ReactNode)'.
components/dashboard/admin/user-subscriptions/user-subscription-row.tsx(107,9): error TS2353: Object literal may only specify known properties, and 'title' does not exist in type 'ReactElement<unknown, string | JSXElementConstructor<any>> | Iterable<ReactNode> | ReactPortal | Promise<...> | (() => ReactNode)'.
components/dashboard/admin/user-subscriptions/user-subscription-row.tsx(230,46): error TS2339: Property 'name' does not exist on type 'ObjectId'.
components/dashboard/admin/user-subscriptions/user-subscription-row.tsx(232,31): error TS2551: Property 'selectedDurationDetails' does not exist on type 'PopulatedUserSubscription'. Did you mean 'selectedDurationId'?
components/dashboard/admin/user-subscriptions/user-subscription-row.tsx(234,35): error TS2551: Property 'selectedDurationDetails' does not exist on type 'PopulatedUserSubscription'. Did you mean 'selectedDurationId'?
components/dashboard/admin/user-subscriptions/user-subscription-row.tsx(265,56): error TS2554: Expected 1 arguments, but got 2.
components/dashboard/admin/user-subscriptions/user-subscription-row.tsx(305,52): error TS2339: Property 'cardName' does not exist on type 'ObjectId'.
components/dashboard/admin/user-subscriptions/user-subscription-row.tsx(306,67): error TS2339: Property 'cardNumber' does not exist on type 'ObjectId'.
components/dashboard/admin/user-subscriptions/user-subscription-row.tsx(389,9): error TS2719: Type 'PopulatedUserSubscription' is not assignable to type 'PopulatedUserSubscription'. Two different types with this name exist, but they are unrelated.
  Types of property 'treatmentId' are incompatible.
    Type 'ObjectId' is missing the following properties from type '{ _id: string; name: string; price: number; durations: { _id: string; minutes: number; price: number; }[]; }': name, price, durations
components/dashboard/admin/user-subscriptions/user-subscription-row.tsx(397,64): error TS2554: Expected 1 arguments, but got 2.
components/dashboard/admin/user-subscriptions/user-subscription-row.tsx(427,64): error TS2554: Expected 1 arguments, but got 2.
components/dashboard/member/gift-vouchers/member-gift-vouchers-client.tsx(51,32): error TS2304: Cannot find name 'session'.
components/dashboard/member/gift-vouchers/member-gift-vouchers-client.tsx(52,36): error TS2304: Cannot find name 'session'.
components/dashboard/member/gift-vouchers/member-gift-vouchers-client.tsx(56,26): error TS2345: Argument of type 'GiftVoucher[] | undefined' is not assignable to parameter of type 'SetStateAction<GiftVoucher[]>'.
  Type 'undefined' is not assignable to type 'SetStateAction<GiftVoucher[]>'.
components/dashboard/member/gift-vouchers/member-gift-vouchers-client.tsx(59,30): error TS2345: Argument of type 'GiftVoucher[] | undefined' is not assignable to parameter of type 'SetStateAction<GiftVoucher[]>'.
  Type 'undefined' is not assignable to type 'SetStateAction<GiftVoucher[]>'.
components/dashboard/partner/coupons/assigned-coupons-client.tsx(23,30): error TS2339: Property 'totalPages' does not exist on type '{ success: boolean; coupons?: any[] | undefined; error?: string | undefined; }'.
components/dashboard/partner/coupons/assigned-coupons-client.tsx(24,31): error TS2339: Property 'currentPage' does not exist on type '{ success: boolean; coupons?: any[] | undefined; error?: string | undefined; }'.
components/dashboard/partner/coupons/assigned-coupons-client.tsx(25,32): error TS2339: Property 'totalCoupons' does not exist on type '{ success: boolean; coupons?: any[] | undefined; error?: string | undefined; }'.
components/gift-vouchers/guest-gift-voucher-wizard.tsx(95,53): error TS2554: Expected 1 arguments, but got 2.
components/gift-vouchers/unified-gift-voucher-wizard.tsx(127,53): error TS2554: Expected 1 arguments, but got 2.
components/ui/calendar.tsx(341,40): error TS2554: Expected 1 arguments, but got 2.
components/ui/calendar.tsx(354,32): error TS2554: Expected 1 arguments, but got 2.
components/ui/calendar.tsx(366,36): error TS2554: Expected 1 arguments, but got 2.
components/ui/chart.tsx(111,7): error TS2339: Property 'payload' does not exist on type 'Omit<Omit<Props<ValueType, NameType>, PropertiesReadFromContext> & { active?: boolean | undefined; includeHidden?: boolean | undefined; ... 17 more ...; axisId?: AxisId | undefined; } & ClassAttributes<...> & HTMLAttributes<...> & { ...; }, "ref">'.
components/ui/chart.tsx(116,7): error TS2339: Property 'label' does not exist on type 'Omit<Omit<Props<ValueType, NameType>, PropertiesReadFromContext> & { active?: boolean | undefined; includeHidden?: boolean | undefined; ... 17 more ...; axisId?: AxisId | undefined; } & ClassAttributes<...> & HTMLAttributes<...> & { ...; }, "ref">'.
components/ui/chart.tsx(170,25): error TS7006: Parameter 'item' implicitly has an 'any' type.
components/ui/chart.tsx(170,31): error TS7006: Parameter 'index' implicitly has an 'any' type.
components/ui/chart.tsx(246,41): error TS2344: Type '"payload" | "verticalAlign"' does not satisfy the constraint '"string" | "style" | "name" | "id" | "filter" | "fill" | "values" | "type" | "method" | "path" | "end" | "result" | "cursor" | "version" | "min" | "max" | "transform" | "color" | ... 428 more ... | "onBBoxUpdate"'.
  Type '"payload"' is not assignable to type '"string" | "style" | "name" | "id" | "filter" | "fill" | "values" | "type" | "method" | "path" | "end" | "result" | "cursor" | "version" | "min" | "max" | "transform" | "color" | ... 428 more ... | "onBBoxUpdate"'.
components/ui/chart.tsx(253,17): error TS2339: Property 'length' does not exist on type '{}'.
components/ui/chart.tsx(266,16): error TS2339: Property 'map' does not exist on type '{}'.
components/ui/chart.tsx(266,20): error TS7006: Parameter 'item' implicitly has an 'any' type.
